<html>
<body>
<pre>
<h1>µVision Build Log</h1>
<h2>Project:</h2>
C:\Users\apple\Desktop\JC\Project0\Project0.uvproj
Project File Date:  09/17/2019

<h2>Output:</h2>
Rebuild target 'Target 1'
compiling Main.c...
compiling PLL.c...
assembling startup.s...
compiling UART.c...
linking...
Program Size: Code=1212 RO-data=32 RW-data=4 ZI-data=1028  
".\Project0.axf" - 0 Error(s), 0 Warning(s).
Load "C:\\Users\\apple\\Desktop\\JC\\Project0\\Project0.axf" 
Connecting: Mode=JTAG, Speed=1000000Hz
Erase Done.
Programming Done.
Verify OK.
